========================================
Input:       /DATA/data2/downloads/IMP
Species out: /home/nizhu/Projects/plantsdb/result/result_imp/species
Homolog out: /home/nizhu/Projects/plantsdb/result/result_imp/homolog
Mode:        homolog
Genus:       enabled
Species:     Amborella_trichopoda
========================================
Found 1 species

[Amborella_trichopoda]

Homolog analysis...
  Homolog: Amborella (3 species)
    Reference: Amborella_trichopoda_var._SantaCruz_75_HAP1

   ===============================
  ||                             ||
  ||         GeneTribe           ||
  ||       Version: v1.2.1       ||
  ||                             ||
   ===============================

2026-05-05 15:15:34 ...prepare files...
2026-05-05 15:20:08 ...calculate BSR, CBS and Penalty...

   ===============================
  ||                             ||
  ||         GeneTribe           ||
  ||       Version: v1.2.1       ||
  ||                             ||
   ===============================

2026-05-05 15:20:08 ...prepare files...
2026-05-05 15:25:00 ...calculate BSR, CBS and Penalty...
  ref genes with RBH: 0, queries: 2

========================================
Done in 583s
Species: /home/nizhu/Projects/plantsdb/result/result_imp/species
Homolog: /home/nizhu/Projects/plantsdb/result/result_imp/homolog
========================================
