[03:17:18] [1/21] Homolog: Adansonia (rep: Adansonia_digitata)
========================================
Input:       /DATA/data2/downloads/IMP
Species out: /home/nizhu/Projects/plantsdb/result/result_imp/species
Homolog out: /home/nizhu/Projects/plantsdb/result/result_imp/homolog
Mode:        homolog
Genus:       enabled
Species:     Adansonia_digitata
========================================
Found 1 species

[Adansonia_digitata]

Homolog analysis...
  Homolog: Adansonia (8 species)
    Reference: Adansonia_madagascariensis

   ===============================
  ||                             ||
  ||         GeneTribe           ||
  ||       Version: v1.2.1       ||
  ||                             ||
   ===============================

2026-05-02 03:17:33 ...prepare files...
2026-05-02 03:39:13 ...calculate BSR, CBS and Penalty...




2026-05-02 03:41:59 ...evaluate optimal α for weighting score...
2026-05-02 03:44:02 ...α = 99...
2026-05-02 03:44:02 ...merge raw score...
2026-05-02 03:44:07 ...process all chromosome pairs...
2026-05-02 03:44:07 ...number of rounds: 1 ...
2026-05-02 03:44:10 ...merge results...
2026-05-02 03:44:12 ...done!

   ===============================
  ||                             ||
  ||         GeneTribe           ||
  ||       Version: v1.2.1       ||
  ||                             ||
   ===============================

2026-05-02 03:44:12 ...prepare files...
2026-05-02 04:06:02 ...calculate BSR, CBS and Penalty...




2026-05-02 04:08:41 ...evaluate optimal α for weighting score...
2026-05-02 04:10:44 ...α = 95...
2026-05-02 04:10:44 ...merge raw score...
2026-05-02 04:10:48 ...process all chromosome pairs...
2026-05-02 04:10:48 ...number of rounds: 1 ...
2026-05-02 04:10:51 ...merge results...
2026-05-02 04:10:53 ...done!

   ===============================
  ||                             ||
  ||         GeneTribe           ||
  ||       Version: v1.2.1       ||
  ||                             ||
   ===============================

2026-05-02 04:10:53 ...prepare files...
2026-05-02 04:32:31 ...calculate BSR, CBS and Penalty...




2026-05-02 04:35:16 ...evaluate optimal α for weighting score...
2026-05-02 04:37:21 ...α = 99...
2026-05-02 04:37:21 ...merge raw score...
2026-05-02 04:37:25 ...process all chromosome pairs...
2026-05-02 04:37:25 ...number of rounds: 1 ...
2026-05-02 04:37:28 ...merge results...
2026-05-02 04:37:30 ...done!

   ===============================
  ||                             ||
  ||         GeneTribe           ||
  ||       Version: v1.2.1       ||
  ||                             ||
   ===============================

2026-05-02 04:37:30 ...prepare files...
2026-05-02 04:59:00 ...calculate BSR, CBS and Penalty...




2026-05-02 05:01:39 ...evaluate optimal α for weighting score...
2026-05-02 05:03:38 ...α = 80...
2026-05-02 05:03:38 ...merge raw score...
2026-05-02 05:03:42 ...process all chromosome pairs...
2026-05-02 05:03:42 ...number of rounds: 1 ...
2026-05-02 05:03:45 ...merge results...
2026-05-02 05:03:46 ...done!

   ===============================
  ||                             ||
  ||         GeneTribe           ||
  ||       Version: v1.2.1       ||
  ||                             ||
   ===============================

2026-05-02 05:03:46 ...prepare files...
2026-05-02 05:25:32 ...calculate BSR, CBS and Penalty...




2026-05-02 05:28:23 ...evaluate optimal α for weighting score...
2026-05-02 05:30:30 ...α = 90...
2026-05-02 05:30:30 ...merge raw score...
2026-05-02 05:30:34 ...process all chromosome pairs...
2026-05-02 05:30:34 ...number of rounds: 1 ...
2026-05-02 05:30:37 ...merge results...
2026-05-02 05:30:39 ...done!

   ===============================
  ||                             ||
  ||         GeneTribe           ||
  ||       Version: v1.2.1       ||
  ||                             ||
   ===============================

2026-05-02 05:30:39 ...prepare files...
2026-05-02 05:52:39 ...calculate BSR, CBS and Penalty...




2026-05-02 05:55:33 ...evaluate optimal α for weighting score...
2026-05-02 05:57:40 ...α = 90...
2026-05-02 05:57:40 ...merge raw score...
2026-05-02 05:57:45 ...process all chromosome pairs...
2026-05-02 05:57:45 ...number of rounds: 1 ...
2026-05-02 05:57:48 ...merge results...
2026-05-02 05:57:50 ...done!

   ===============================
  ||                             ||
  ||         GeneTribe           ||
  ||       Version: v1.2.1       ||
  ||                             ||
   ===============================

2026-05-02 05:57:50 ...prepare files...
2026-05-02 06:19:33 ...calculate BSR, CBS and Penalty...




2026-05-02 06:22:14 ...evaluate optimal α for weighting score...
2026-05-02 06:24:19 ...α = 90...
2026-05-02 06:24:19 ...merge raw score...
2026-05-02 06:24:24 ...process all chromosome pairs...
2026-05-02 06:24:24 ...number of rounds: 1 ...
2026-05-02 06:24:26 ...merge results...
2026-05-02 06:24:28 ...done!
  ref genes with RBH: 39622, queries: 7

========================================
Done in 11240s
Species: /home/nizhu/Projects/plantsdb/result/result_imp/species
Homolog: /home/nizhu/Projects/plantsdb/result/result_imp/homolog
========================================
[06:24:38] Done: Adansonia
[06:24:38] [2/21] Homolog: Arachis (rep: Arachis_cardenasii)
========================================
Input:       /DATA/data2/downloads/IMP
Species out: /home/nizhu/Projects/plantsdb/result/result_imp/species
Homolog out: /home/nizhu/Projects/plantsdb/result/result_imp/homolog
Mode:        homolog
Genus:       enabled
Species:     Arachis_cardenasii
========================================
Found 1 species

[Arachis_cardenasii]

Homolog analysis...
  Homolog: Arachis (7 species)
    Reference: Arachis_cardenasii

   ===============================
  ||                             ||
  ||         GeneTribe           ||
  ||       Version: v1.2.1       ||
  ||                             ||
   ===============================

2026-05-02 06:25:11 ...prepare files...
2026-05-02 10:31:59 ...calculate BSR, CBS and Penalty...




2026-05-02 10:42:28 ...evaluate optimal α for weighting score...
2026-05-02 10:52:24 ...α = 65...
2026-05-02 10:52:24 ...merge raw score...
2026-05-02 10:52:45 ...process all chromosome pairs...
2026-05-02 10:52:45 ...number of rounds: 1 ...
2026-05-02 10:52:51 ...merge results...
2026-05-02 10:52:56 ...done!

   ===============================
  ||                             ||
  ||         GeneTribe           ||
  ||       Version: v1.2.1       ||
  ||                             ||
   ===============================

2026-05-02 10:52:56 ...prepare files...
2026-05-02 15:00:37 ...calculate BSR, CBS and Penalty...




2026-05-02 15:07:52 ...evaluate optimal α for weighting score...
2026-05-02 15:12:25 ...α = 65...
2026-05-02 15:12:25 ...merge raw score...
2026-05-02 15:12:35 ...process all chromosome pairs...
2026-05-02 15:12:35 ...number of rounds: 1 ...
2026-05-02 15:12:38 ...merge results...
2026-05-02 15:12:42 ...done!

   ===============================
  ||                             ||
  ||         GeneTribe           ||
  ||       Version: v1.2.1       ||
  ||                             ||
   ===============================

2026-05-02 15:12:43 ...prepare files...
[15:39:56] SKIP Adansonia (already done)
[15:39:56] SKIP Adansonia (already done)
[15:39:56] [2/21] Homolog: Arachis (rep: Arachis_cardenasii)
[15:39:56] [2/21] Homolog: Arachis (rep: Arachis_cardenasii)
========================================
Input:       /DATA/data2/downloads/IMP
Species out: /home/nizhu/Projects/plantsdb/result/result_imp/species
Homolog out: /home/nizhu/Projects/plantsdb/result/result_imp/homolog
Mode:        homolog
Genus:       enabled
Species:     Arachis_cardenasii
========================================
Found 1 species

[Arachis_cardenasii]

Homolog analysis...
  Homolog: Arachis (7 species)
    Reference: Arachis_cardenasii

   ===============================
  ||                             ||
  ||         GeneTribe           ||
  ||       Version: v1.2.1       ||
  ||                             ||
   ===============================

2026-05-02 15:40:29 ...prepare files...
2026-05-02 17:51:44 ...calculate BSR, CBS and Penalty...




2026-05-02 18:02:17 ...evaluate optimal α for weighting score...
2026-05-02 18:12:09 ...α = 60...
2026-05-02 18:12:09 ...merge raw score...
2026-05-02 18:12:30 ...process all chromosome pairs...
2026-05-02 18:12:30 ...number of rounds: 1 ...
2026-05-02 18:12:35 ...merge results...
2026-05-02 18:12:40 ...done!

   ===============================
  ||                             ||
  ||         GeneTribe           ||
  ||       Version: v1.2.1       ||
  ||                             ||
   ===============================

2026-05-02 18:12:40 ...prepare files...
2026-05-02 20:24:51 ...calculate BSR, CBS and Penalty...




2026-05-02 20:31:55 ...evaluate optimal α for weighting score...
2026-05-02 20:36:25 ...α = 65...
2026-05-02 20:36:25 ...merge raw score...
2026-05-02 20:36:34 ...process all chromosome pairs...
2026-05-02 20:36:34 ...number of rounds: 1 ...
2026-05-02 20:36:38 ...merge results...
2026-05-02 20:36:42 ...done!

   ===============================
  ||                             ||
  ||         GeneTribe           ||
  ||       Version: v1.2.1       ||
  ||                             ||
   ===============================

2026-05-02 20:36:42 ...prepare files...
2026-05-02 22:48:00 ...calculate BSR, CBS and Penalty...




2026-05-02 22:59:14 ...evaluate optimal α for weighting score...
2026-05-02 23:09:49 ...α = 65...
2026-05-02 23:09:49 ...merge raw score...
2026-05-02 23:10:12 ...process all chromosome pairs...
2026-05-02 23:10:12 ...number of rounds: 1 ...
2026-05-02 23:10:16 ...merge results...
2026-05-02 23:10:21 ...done!

   ===============================
  ||                             ||
  ||         GeneTribe           ||
  ||       Version: v1.2.1       ||
  ||                             ||
   ===============================

2026-05-02 23:10:21 ...prepare files...
2026-05-03 01:16:32 ...calculate BSR, CBS and Penalty...


   ===============================
  ||                             ||
  ||         GeneTribe           ||
  ||       Version: v1.2.1       ||
  ||                             ||
   ===============================

2026-05-03 01:16:58 ...prepare files...
2026-05-03 03:30:57 ...calculate BSR, CBS and Penalty...




2026-05-03 03:45:53 ...evaluate optimal α for weighting score...
2026-05-03 03:57:36 ...α = 60...
2026-05-03 03:57:36 ...merge raw score...
2026-05-03 03:58:01 ...process all chromosome pairs...
2026-05-03 03:58:01 ...number of rounds: 1 ...
2026-05-03 03:58:07 ...merge results...
2026-05-03 03:58:13 ...done!

   ===============================
  ||                             ||
  ||         GeneTribe           ||
  ||       Version: v1.2.1       ||
  ||                             ||
   ===============================

2026-05-03 03:58:13 ...prepare files...
2026-05-03 06:09:22 ...calculate BSR, CBS and Penalty...




2026-05-03 06:20:58 ...evaluate optimal α for weighting score...
2026-05-03 06:32:09 ...α = 65...
2026-05-03 06:32:09 ...merge raw score...
2026-05-03 06:32:33 ...process all chromosome pairs...
2026-05-03 06:32:33 ...number of rounds: 1 ...
2026-05-03 06:32:39 ...merge results...
2026-05-03 06:32:44 ...done!
  ref genes with RBH: 45733, queries: 6

========================================
Done in 53577s
Species: /home/nizhu/Projects/plantsdb/result/result_imp/species
Homolog: /home/nizhu/Projects/plantsdb/result/result_imp/homolog
========================================
[06:32:53] Done: Arachis
[06:32:53] Done: Arachis
[06:32:53] [3/21] Homolog: Arabidopsis (rep: Arabidopsis_arenosa)
[06:32:53] [3/21] Homolog: Arabidopsis (rep: Arabidopsis_arenosa)
========================================
Input:       /DATA/data2/downloads/IMP
Species out: /home/nizhu/Projects/plantsdb/result/result_imp/species
Homolog out: /home/nizhu/Projects/plantsdb/result/result_imp/homolog
Mode:        homolog
Genus:       enabled
Species:     Arabidopsis_arenosa
========================================
Found 1 species

[Arabidopsis_arenosa]

Homolog analysis...
  Homolog: Arabidopsis (7 species)
    Reference: Arabidopsis_suecica

   ===============================
  ||                             ||
  ||         GeneTribe           ||
  ||       Version: v1.2.1       ||
  ||                             ||
   ===============================

2026-05-03 06:33:09 ...prepare files...
2026-05-03 06:59:17 ...calculate BSR, CBS and Penalty...




2026-05-03 07:01:33 ...evaluate optimal α for weighting score...
2026-05-03 07:03:19 ...α = 45...
2026-05-03 07:03:19 ...merge raw score...
2026-05-03 07:03:23 ...process all chromosome pairs...
2026-05-03 07:03:23 ...number of rounds: 1 ...
2026-05-03 07:03:26 ...merge results...
2026-05-03 07:03:28 ...done!

   ===============================
  ||                             ||
  ||         GeneTribe           ||
  ||       Version: v1.2.1       ||
  ||                             ||
   ===============================

2026-05-03 07:03:28 ...prepare files...
2026-05-03 07:30:17 ...calculate BSR, CBS and Penalty...




2026-05-03 07:33:21 ...evaluate optimal α for weighting score...
2026-05-03 07:35:39 ...α = 45...
2026-05-03 07:35:39 ...merge raw score...
2026-05-03 07:35:44 ...process all chromosome pairs...
2026-05-03 07:35:44 ...number of rounds: 1 ...
2026-05-03 07:35:46 ...merge results...
2026-05-03 07:35:48 ...done!

   ===============================
  ||                             ||
  ||         GeneTribe           ||
  ||       Version: v1.2.1       ||
  ||                             ||
   ===============================

2026-05-03 07:35:48 ...prepare files...
2026-05-03 08:01:37 ...calculate BSR, CBS and Penalty...


   ===============================
  ||                             ||
  ||         GeneTribe           ||
  ||       Version: v1.2.1       ||
  ||                             ||
   ===============================

2026-05-03 08:01:47 ...prepare files...
2026-05-03 08:28:04 ...calculate BSR, CBS and Penalty...




2026-05-03 08:30:41 ...evaluate optimal α for weighting score...
2026-05-03 08:32:44 ...α = 45...
2026-05-03 08:32:44 ...merge raw score...
2026-05-03 08:32:48 ...process all chromosome pairs...
2026-05-03 08:32:48 ...number of rounds: 1 ...
2026-05-03 08:32:52 ...merge results...
2026-05-03 08:32:53 ...done!

   ===============================
  ||                             ||
  ||         GeneTribe           ||
  ||       Version: v1.2.1       ||
  ||                             ||
   ===============================

2026-05-03 08:32:54 ...prepare files...
2026-05-03 08:58:57 ...calculate BSR, CBS and Penalty...


   ===============================
  ||                             ||
  ||         GeneTribe           ||
  ||       Version: v1.2.1       ||
  ||                             ||
   ===============================

2026-05-03 08:59:08 ...prepare files...
2026-05-03 09:25:18 ...calculate BSR, CBS and Penalty...

  ref genes with RBH: 31112, queries: 6

========================================
Done in 10374s
Species: /home/nizhu/Projects/plantsdb/result/result_imp/species
Homolog: /home/nizhu/Projects/plantsdb/result/result_imp/homolog
========================================
[09:25:47] Done: Arabidopsis
[09:25:47] Done: Arabidopsis
[09:25:47] [4/21] Homolog: Avena (rep: Avena_atlantica)
[09:25:47] [4/21] Homolog: Avena (rep: Avena_atlantica)
========================================
Input:       /DATA/data2/downloads/IMP
Species out: /home/nizhu/Projects/plantsdb/result/result_imp/species
Homolog out: /home/nizhu/Projects/plantsdb/result/result_imp/homolog
Mode:        homolog
Genus:       enabled
Species:     Avena_atlantica
========================================
Found 1 species

[Avena_atlantica]

Homolog analysis...
  Homolog: Avena (5 species)
    Reference: Avena_sativa_ot3098

   ===============================
  ||                             ||
  ||         GeneTribe           ||
  ||       Version: v1.2.1       ||
  ||                             ||
   ===============================

2026-05-03 09:26:21 ...prepare files...
2026-05-03 17:59:00 ...calculate BSR, CBS and Penalty...




2026-05-03 18:04:24 ...evaluate optimal α for weighting score...
2026-05-03 18:07:13 ...α = 60...
2026-05-03 18:07:13 ...merge raw score...
2026-05-03 18:07:19 ...process all chromosome pairs...
2026-05-03 18:07:19 ...number of rounds: 1 ...
2026-05-03 18:07:20 ...merge results...
2026-05-03 18:07:23 ...done!

   ===============================
  ||                             ||
  ||         GeneTribe           ||
  ||       Version: v1.2.1       ||
  ||                             ||
   ===============================

2026-05-03 18:07:23 ...prepare files...
2026-05-03 20:09:18 ...calculate BSR, CBS and Penalty...




2026-05-03 20:15:39 ...evaluate optimal α for weighting score...
2026-05-03 20:18:57 ...α = 55...
2026-05-03 20:18:57 ...merge raw score...
2026-05-03 20:19:04 ...process all chromosome pairs...
2026-05-03 20:19:04 ...number of rounds: 1 ...
2026-05-03 20:19:06 ...merge results...
2026-05-03 20:19:09 ...done!

   ===============================
  ||                             ||
  ||         GeneTribe           ||
  ||       Version: v1.2.1       ||
  ||                             ||
   ===============================

2026-05-03 20:19:09 ...prepare files...
2026-05-04 05:12:34 ...calculate BSR, CBS and Penalty...




2026-05-04 05:18:24 ...evaluate optimal α for weighting score...
2026-05-04 05:21:19 ...α = 65...
2026-05-04 05:21:19 ...merge raw score...
2026-05-04 05:21:26 ...process all chromosome pairs...
2026-05-04 05:21:26 ...number of rounds: 1 ...
2026-05-04 05:21:28 ...merge results...
2026-05-04 05:21:30 ...done!

   ===============================
  ||                             ||
  ||         GeneTribe           ||
  ||       Version: v1.2.1       ||
  ||                             ||
   ===============================

2026-05-04 05:21:30 ...prepare files...
2026-05-04 06:11:20 ...calculate BSR, CBS and Penalty...




2026-05-04 06:17:43 ...evaluate optimal α for weighting score...
2026-05-04 06:22:57 ...α = 90...
2026-05-04 06:22:57 ...merge raw score...
2026-05-04 06:23:09 ...process all chromosome pairs...
2026-05-04 06:23:09 ...number of rounds: 1 ...
2026-05-04 06:23:17 ...merge results...
2026-05-04 06:23:21 ...done!
  ref genes with RBH: 46585, queries: 4

========================================
Done in 75463s
Species: /home/nizhu/Projects/plantsdb/result/result_imp/species
Homolog: /home/nizhu/Projects/plantsdb/result/result_imp/homolog
========================================
[06:23:30] Done: Avena
[06:23:30] Done: Avena
[06:23:30] [5/21] Homolog: Aegilops (rep: Aegilops_bicornis)
[06:23:30] [5/21] Homolog: Aegilops (rep: Aegilops_bicornis)
========================================
Input:       /DATA/data2/downloads/IMP
Species out: /home/nizhu/Projects/plantsdb/result/result_imp/species
Homolog out: /home/nizhu/Projects/plantsdb/result/result_imp/homolog
Mode:        homolog
Genus:       enabled
Species:     Aegilops_bicornis
========================================
Found 1 species

[Aegilops_bicornis]

Homolog analysis...
  Homolog: Aegilops (6 species)
    Reference: Aegilops_sharonensis

   ===============================
  ||                             ||
  ||         GeneTribe           ||
  ||       Version: v1.2.1       ||
  ||                             ||
   ===============================

2026-05-04 06:24:22 ...prepare files...
[19:14:36] Re-starting Aegilops (2026-05-05)
========================================
Input:       /DATA/data2/downloads/IMP
Species out: /home/nizhu/Projects/plantsdb/result/result_imp/species
Homolog out: /home/nizhu/Projects/plantsdb/result/result_imp/homolog
Mode:        homolog
Genus:       enabled
Species:     Aegilops_bicornis
========================================
Found 1 species

[Aegilops_bicornis]

Homolog analysis...
  Homolog: Aegilops (6 species)
    Reference: Aegilops_sharonensis

   ===============================
  ||                             ||
  ||         GeneTribe           ||
  ||       Version: v1.2.1       ||
  ||                             ||
   ===============================

2026-05-05 19:15:27 ...prepare files...
