/usr/lib/python3/dist-packages/requests/__init__.py:89: RequestsDependencyWarning: urllib3 (2.2.3) or chardet (3.0.4) doesn't match a supported version!
  warnings.warn("urllib3 ({}) or chardet ({}) doesn't match a supported "
species: 128, threads: 4, skip_existing: True
[1/128] Anisodus_acutangulus: skip=7
[2/128] Ailanthus_altissimus: skip=7
[3/128] Arabis_alpina: skip=6 404=1
[4/128] Artemisia_annua: skip=7
[5/128] Anthoceros_angustus: skip=7
[6/128] Artemisia_argyi: skip=7
[7/128] Arabidopsis_arenosa: skip=7
[8/128] Amphibalanus_amphitrite: skip=6 404=1
[9/128] Actinidia_arguta: skip=7
[10/128] Aethionema_arabicum: skip=7
[11/128] Acorus_americanus: ok=1 skip=5 404=1
[12/128] Avena_atlantica: skip=7
[13/128] Aegilops_bicornis: skip=7
[14/128] Aar6: skip=6 404=1
[15/128] Atalantia_buxifolia: skip=7
[16/128] Areca_catechu: skip=7
[17/128] Acorus_calamus: skip=7
[18/128] Ambrosia_artemisiifolia: skip=5 404=2
[19/128] Arachis_cardenasii: skip=7
[20/128] Adiantum_capillus-veneris: skip=6 404=1
[21/128] Acer_campestre: skip=7
[22/128] Atriplex_canescens: skip=7
[23/128] Agapanthus_africanus: 404=7
[24/128] Actinidia_chinensis: skip=7
[25/128] Annona_cherimola_Booth: skip=7
[26/128] Ajuga_chamaepitys: skip=7
[27/128] Aesculus_chinensis: skip=7
[28/128] Annona_cherimola_Fino_de_Jete: skip=7
[29/128] Actinidia_chinensis_Hong_Yang: skip=6 404=1
[30/128] Aristolochia_contorta: skip=7
[31/128] Ananas_comosus: skip=7
[32/128] Aquilegia_coerulea: skip=7
[33/128] Acacia_confusa: skip=6 404=1
[34/128] Aegiceras_corniculatum: skip=7
[35/128] Acanthochlamys_bracteata_P._C._Kao: 404=7
[36/128] Antitrichia_curtipendula: skip=7
[37/128] Actinidia_deliciosa: skip=7
[38/128] Adansonia_digitata: skip=7
[39/128] Acer_campestre_L.: 404=7
[40/128] Amphicarpaea_edgeworthii: skip=7
[41/128] Avena_eriantha: skip=7
[42/128] Allium_cepa: 404=7
[43/128] Aeschynomene_evenia: skip=7
[44/128] Aechmea_fasciata: skip=7
[45/128] Aristolochia_fimbriata: skip=7
[46/128] Arachis_duranensis: skip=6 404=1
[47/128] Actinidia_eriantha_White: skip=6 404=1
[48/128] Anethum_foeniculum: skip=7
[49/128] Andropogon_gerardi_hap1: skip=6 404=1
[50/128] Andropogon_gerardi_hap2: skip=6 404=1
[51/128] Amaranthus_cruentus: skip=3 404=4
[52/128] Alnus_glutinosa: skip=7
[53/128] Apium_graveolens: skip=7
[54/128] Acorus_gramineus: skip=7
[55/128] Adansonia_gregorii: skip=6 404=1
[56/128] Adansonia_grandidieri: skip=6 404=1
[57/128] Arabidopsis_halleri: skip=7
[58/128] Arabidopsis_halleri_cv._Tada_Mine: skip=6 404=1
[59/128] Artocarpus_heterophyllus: skip=7
[60/128] Amaranthus_hypochondriacus: skip=7
[61/128] Arachis_hypogaea: skip=7
[62/128] Azadirachta_indica: skip=7
[63/128] Allium_fistulosum: 404=7
[64/128] Arachis_ipaensis: skip=7
[65/128] Angophora_floribunda: 404=7
[66/128] Albizia_julibrissin_2: skip=7
[67/128] Aquilegia_kansuensis: skip=7
[68/128] Amorphophallus_konjac: skip=7
[69/128] Arctium_lappa: skip=7
[70/128] Albizia_julibrissin: skip=6 404=1
[71/128] Atractylodes_lancea_2: skip=6 404=1
[72/128] Aegilops_longissima: skip=7
[73/128] Avena_longiglumis: skip=7
[74/128] Alyssum_linifolium: skip=6 404=1
[75/128] Arabidopsis_lyrata: skip=7
[76/128] Arabidopsis_lyrata_cv._MN47: skip=7
[77/128] Avicennia_marina: skip=7
[78/128] Ampelocalamus_luodianensis: skip=6 404=1
[79/128] Astragalus_membranaceus: skip=7
[80/128] Arctium_minus: skip=7
[81/128] Adansonia_madagascariensis: skip=6 404=1
[82/128] Agrostemma_githago: 404=7
[83/128] Arabis_montbretiana: skip=7
[84/128] Ammopiptanthus_mongolicus: skip=7
[85/128] Alopecurus_myosuroides: skip=7
[86/128] Arachis_monticola: skip=6 404=1
[87/128] Acer_negundo: skip=6 404=1
[88/128] Asparagus_officinalis: skip=7
[89/128] Andrographis_paniculata: skip=7
[90/128] Adansonia_perrieri: skip=6 404=1
[91/128] Anacardium_occidentale: skip=6 404=1
[92/128] Alisma_plantago-aquatica: skip=7
[93/128] Abrus_pulchellus: skip=7
[94/128] Ajuga_reptans: skip=7
[95/128] Agastache_rugosa: skip=7
[96/128] Acer_saccharum: skip=7
[97/128] Avena_sativa_ot3098: skip=6 404=1
[98/128] Adansonia_rubrostipa: skip=6 404=1
[99/128] Avena_insularis: 404=7
[100/128] Aegilops_searsii: skip=7
[101/128] Arachis_monticola_PI_263393: skip=3 404=4
[102/128] Alloteropsis_semialata: skip=7
[103/128] Aegilops_sharonensis: skip=7
[104/128] Aquilaria_sinensis: skip=7
[105/128] Aegilops_speltoides: skip=7
[106/128] Avena_sativa_sang: skip=6 404=1
[107/128] Alsophila_spinulosa: skip=6 404=1
[108/128] Arachis_stenosperma: skip=6 404=1
[109/128] Arabidopsis_suecica: skip=6 404=1
[110/128] Asclepias_syriaca: skip=7
[111/128] Adansonia_suarezensis: skip=6 404=1
[112/128] Aegilops_tauschii: skip=6 404=1
[113/128] Acorus_tatarinowii: skip=6 404=1
[114/128] Arabidopsis_thaliana: skip=7
[115/128] Akebia_trifoliata: skip=7
[116/128] Amaranthus_tricolor: skip=7
[117/128] Amborella_trichopoda: skip=7
[118/128] Agave_tequilana_var_Webers_Blue_HAP1: skip=6 404=1
[119/128] Artemisia_tridentata_subsp._tridentata: skip=7
[120/128] Amborella_trichopoda_var._SantaCruz_75_HAP1: skip=6 404=1
[121/128] Ambrosia_trifida: skip=5 404=2
[122/128] Apocynum_venetum: skip=7
[123/128] Amborella_trichopoda_var._SantaCruz_75_HAP2: skip=6 404=1
[124/128] Acer_yangbiense: skip=7
[125/128] Allium_sativum: 404=7
[126/128] Asparagus_setaceus: 404=7
[127/128] Adansonia_za: skip=6 404=1
[128/128] Ambrosia_x_helenae: 404=7
availability: 128 total, 11 unavailable, 40 partial -> /home/nizhu/Projects/plantsdb/downloads/IMP/species_availability.tsv
done: ok=1 skip=127 fail=0
