========================================
Input:       /DATA/data2/downloads/IMP
Species out: /home/nizhu/Projects/plantsdb/result/result_imp/species
Homolog out: /home/nizhu/Projects/plantsdb/result/result_imp/homolog
Mode:        structure,sequence,properties
========================================
Found 114 species

[Aar6]
[Abrus_pulchellus]
[Acacia_confusa]
[Acer_campestre]
[Acer_negundo]
[Acer_saccharum]
[Acer_yangbiense]
[Acorus_americanus]
[Acorus_calamus]
[Acorus_gramineus]
[Acorus_tatarinowii]
[Actinidia_arguta]
[Actinidia_chinensis]
[Actinidia_chinensis_Hong_Yang]
[Actinidia_deliciosa]
[Actinidia_eriantha_White]
[Adansonia_digitata]
[Adansonia_grandidieri]
[Adansonia_gregorii]
[Adansonia_madagascariensis]
[Adansonia_perrieri]
[Adansonia_rubrostipa]
[Adansonia_suarezensis]
[Adansonia_za]
[Adiantum_capillus-veneris]
[Aechmea_fasciata]
[Aegiceras_corniculatum]
[Aegilops_bicornis]
[Aegilops_longissima]
[Aegilops_searsii]
[Aegilops_sharonensis]
[Aegilops_speltoides]
[Aegilops_tauschii]
[Aeschynomene_evenia]
[Aesculus_chinensis]
[Aethionema_arabicum]
[Agastache_rugosa]
[Agave_tequilana_var_Webers_Blue_HAP1]
[Ailanthus_altissimus]
[Ajuga_chamaepitys]
[Ajuga_reptans]
[Akebia_trifoliata]
[Albizia_julibrissin]
[Albizia_julibrissin_2]
[Alisma_plantago-aquatica]
[Alloteropsis_semialata]
[Alnus_glutinosa]
[Alopecurus_myosuroides]
[Alsophila_spinulosa]
[Alyssum_linifolium]
[Amaranthus_cruentus]
awk: cmd. line:2: fatal: cannot open file `/DATA/data2/downloads/IMP/Amaranthus_cruentus/Amaranthus_cruentus.CDS.fasta' for reading (No such file or directory)
cp: cannot stat '/DATA/data2/downloads/IMP/Amaranthus_cruentus/Amaranthus_cruentus.gene.fasta': No such file or directory
[Amaranthus_hypochondriacus]
[Amaranthus_tricolor]
[Amborella_trichopoda]
[Amborella_trichopoda_var._SantaCruz_75_HAP1]
[Amborella_trichopoda_var._SantaCruz_75_HAP2]
[Ammopiptanthus_mongolicus]
[Amorphophallus_konjac]
[Ampelocalamus_luodianensis]
[Amphibalanus_amphitrite]
[Amphicarpaea_edgeworthii]
[Anacardium_occidentale]
[Ananas_comosus]
[Andrographis_paniculata]
[Andropogon_gerardi_hap1]
[Andropogon_gerardi_hap2]
[Anethum_foeniculum]
[Anisodus_acutangulus]
[Annona_cherimola_Booth]
[Annona_cherimola_Fino_de_Jete]
[Anthoceros_angustus]
[Antitrichia_curtipendula]
[Apium_graveolens]
[Apocynum_venetum]
[Aquilaria_sinensis]
[Aquilegia_coerulea]
[Aquilegia_kansuensis]
[Arabidopsis_arenosa]
[Arabidopsis_halleri]
[Arabidopsis_halleri_cv._Tada_Mine]
[Arabidopsis_lyrata]
[Arabidopsis_lyrata_cv._MN47]
[Arabidopsis_suecica]
[Arabidopsis_thaliana]
[Arabis_alpina]
[Arabis_montbretiana]
[Arachis_cardenasii]
[Arachis_duranensis]
[Arachis_hypogaea]
[Arachis_ipaensis]
[Arachis_monticola]
[Arachis_monticola_PI_263393]
awk: cmd. line:2: fatal: cannot open file `/DATA/data2/downloads/IMP/Arachis_monticola_PI_263393/Arachis_monticola_PI_263393.CDS.fasta' for reading (No such file or directory)
cp: cannot stat '/DATA/data2/downloads/IMP/Arachis_monticola_PI_263393/Arachis_monticola_PI_263393.gene.fasta': No such file or directory
[Arachis_stenosperma]
[Arctium_minus]
[Areca_catechu]
[Aristolochia_contorta]
[Aristolochia_fimbriata]
[Artemisia_annua]
[Artemisia_argyi]
[Artemisia_tridentata_subsp._tridentata]
[Artocarpus_heterophyllus]
[Asclepias_syriaca]
[Asparagus_officinalis]
[Astragalus_membranaceus]
[Atalantia_buxifolia]
[Atractylodes_lancea_2]
[Atriplex_canescens]
[Avena_atlantica]
[Avena_eriantha]
[Avena_longiglumis]
[Avena_sativa_ot3098]
