[23:47:13] processing Acer_campestre
========================================
Input:       /DATA/data2/downloads/IMP
Species out: /home/nizhu/Projects/plantsdb/result/result_imp/species
Homolog out: /home/nizhu/Projects/plantsdb/result/result_imp/homolog
Mode:        sequence,properties
Species:     Acer_campestre
========================================
Found 1 species

[Acer_campestre]

========================================
Done in 14s
Species: /home/nizhu/Projects/plantsdb/result/result_imp/species
Homolog: /home/nizhu/Projects/plantsdb/result/result_imp/homolog
========================================
[23:47:27] processing Acer_negundo
========================================
Input:       /DATA/data2/downloads/IMP
Species out: /home/nizhu/Projects/plantsdb/result/result_imp/species
Homolog out: /home/nizhu/Projects/plantsdb/result/result_imp/homolog
Mode:        sequence,properties
Species:     Acer_negundo
========================================
Found 1 species

[Acer_negundo]

========================================
Done in 5s
Species: /home/nizhu/Projects/plantsdb/result/result_imp/species
Homolog: /home/nizhu/Projects/plantsdb/result/result_imp/homolog
========================================
[23:47:32] processing Acer_saccharum
========================================
Input:       /DATA/data2/downloads/IMP
Species out: /home/nizhu/Projects/plantsdb/result/result_imp/species
Homolog out: /home/nizhu/Projects/plantsdb/result/result_imp/homolog
Mode:        sequence,properties
Species:     Acer_saccharum
========================================
Found 1 species

[Acer_saccharum]

========================================
Done in 6s
Species: /home/nizhu/Projects/plantsdb/result/result_imp/species
Homolog: /home/nizhu/Projects/plantsdb/result/result_imp/homolog
========================================
[23:47:38] processing Acer_yangbiense
========================================
Input:       /DATA/data2/downloads/IMP
Species out: /home/nizhu/Projects/plantsdb/result/result_imp/species
Homolog out: /home/nizhu/Projects/plantsdb/result/result_imp/homolog
Mode:        sequence,properties
Species:     Acer_yangbiense
========================================
Found 1 species

[Acer_yangbiense]

========================================
Done in 6s
Species: /home/nizhu/Projects/plantsdb/result/result_imp/species
Homolog: /home/nizhu/Projects/plantsdb/result/result_imp/homolog
========================================
[23:47:44] processing Acorus_americanus
========================================
Input:       /DATA/data2/downloads/IMP
Species out: /home/nizhu/Projects/plantsdb/result/result_imp/species
Homolog out: /home/nizhu/Projects/plantsdb/result/result_imp/homolog
Mode:        sequence,properties
Species:     Acorus_americanus
========================================
Found 1 species

[Acorus_americanus]

========================================
Done in 8s
Species: /home/nizhu/Projects/plantsdb/result/result_imp/species
Homolog: /home/nizhu/Projects/plantsdb/result/result_imp/homolog
========================================
[23:47:52] processing Acorus_calamus
========================================
Input:       /DATA/data2/downloads/IMP
Species out: /home/nizhu/Projects/plantsdb/result/result_imp/species
Homolog out: /home/nizhu/Projects/plantsdb/result/result_imp/homolog
Mode:        sequence,properties
Species:     Acorus_calamus
========================================
Found 1 species

[Acorus_calamus]

========================================
Done in 8s
Species: /home/nizhu/Projects/plantsdb/result/result_imp/species
Homolog: /home/nizhu/Projects/plantsdb/result/result_imp/homolog
========================================
[23:48:00] processing Acorus_gramineus
========================================
Input:       /DATA/data2/downloads/IMP
Species out: /home/nizhu/Projects/plantsdb/result/result_imp/species
Homolog out: /home/nizhu/Projects/plantsdb/result/result_imp/homolog
Mode:        sequence,properties
Species:     Acorus_gramineus
========================================
Found 1 species

[Acorus_gramineus]

========================================
Done in 5s
Species: /home/nizhu/Projects/plantsdb/result/result_imp/species
Homolog: /home/nizhu/Projects/plantsdb/result/result_imp/homolog
========================================
[23:48:05] processing Acorus_tatarinowii
========================================
Input:       /DATA/data2/downloads/IMP
Species out: /home/nizhu/Projects/plantsdb/result/result_imp/species
Homolog out: /home/nizhu/Projects/plantsdb/result/result_imp/homolog
Mode:        sequence,properties
Species:     Acorus_tatarinowii
========================================
Found 1 species

[Acorus_tatarinowii]

========================================
Done in 4s
Species: /home/nizhu/Projects/plantsdb/result/result_imp/species
Homolog: /home/nizhu/Projects/plantsdb/result/result_imp/homolog
========================================
[23:48:09] processing Actinidia_arguta
========================================
Input:       /DATA/data2/downloads/IMP
Species out: /home/nizhu/Projects/plantsdb/result/result_imp/species
Homolog out: /home/nizhu/Projects/plantsdb/result/result_imp/homolog
Mode:        sequence,properties
Species:     Actinidia_arguta
========================================
Found 1 species

[Actinidia_arguta]

========================================
Done in 14s
Species: /home/nizhu/Projects/plantsdb/result/result_imp/species
Homolog: /home/nizhu/Projects/plantsdb/result/result_imp/homolog
========================================
[23:48:23] processing Actinidia_chinensis
========================================
Input:       /DATA/data2/downloads/IMP
Species out: /home/nizhu/Projects/plantsdb/result/result_imp/species
Homolog out: /home/nizhu/Projects/plantsdb/result/result_imp/homolog
Mode:        sequence,properties
Species:     Actinidia_chinensis
========================================
Found 1 species

[Actinidia_chinensis]

========================================
Done in 6s
Species: /home/nizhu/Projects/plantsdb/result/result_imp/species
Homolog: /home/nizhu/Projects/plantsdb/result/result_imp/homolog
========================================
[23:48:29] processing Actinidia_chinensis_Hong_Yang
========================================
Input:       /DATA/data2/downloads/IMP
Species out: /home/nizhu/Projects/plantsdb/result/result_imp/species
Homolog out: /home/nizhu/Projects/plantsdb/result/result_imp/homolog
Mode:        sequence,properties
Species:     Actinidia_chinensis_Hong_Yang
========================================
Found 1 species

[Actinidia_chinensis_Hong_Yang]

========================================
Done in 6s
Species: /home/nizhu/Projects/plantsdb/result/result_imp/species
Homolog: /home/nizhu/Projects/plantsdb/result/result_imp/homolog
========================================
[23:48:35] processing Actinidia_deliciosa
========================================
Input:       /DATA/data2/downloads/IMP
Species out: /home/nizhu/Projects/plantsdb/result/result_imp/species
Homolog out: /home/nizhu/Projects/plantsdb/result/result_imp/homolog
Mode:        sequence,properties
Species:     Actinidia_deliciosa
========================================
Found 1 species

[Actinidia_deliciosa]

========================================
Done in 10s
Species: /home/nizhu/Projects/plantsdb/result/result_imp/species
Homolog: /home/nizhu/Projects/plantsdb/result/result_imp/homolog
========================================
[23:48:45] processing Actinidia_eriantha_White
========================================
Input:       /DATA/data2/downloads/IMP
Species out: /home/nizhu/Projects/plantsdb/result/result_imp/species
Homolog out: /home/nizhu/Projects/plantsdb/result/result_imp/homolog
Mode:        sequence,properties
Species:     Actinidia_eriantha_White
========================================
Found 1 species

[Actinidia_eriantha_White]

========================================
Done in 7s
Species: /home/nizhu/Projects/plantsdb/result/result_imp/species
Homolog: /home/nizhu/Projects/plantsdb/result/result_imp/homolog
========================================
[23:48:52] processing Adansonia_digitata
========================================
Input:       /DATA/data2/downloads/IMP
Species out: /home/nizhu/Projects/plantsdb/result/result_imp/species
Homolog out: /home/nizhu/Projects/plantsdb/result/result_imp/homolog
Mode:        sequence,properties
Species:     Adansonia_digitata
========================================
Found 1 species

[Adansonia_digitata]

========================================
Done in 7s
Species: /home/nizhu/Projects/plantsdb/result/result_imp/species
Homolog: /home/nizhu/Projects/plantsdb/result/result_imp/homolog
========================================
[23:48:59] processing Adansonia_grandidieri
========================================
Input:       /DATA/data2/downloads/IMP
Species out: /home/nizhu/Projects/plantsdb/result/result_imp/species
Homolog out: /home/nizhu/Projects/plantsdb/result/result_imp/homolog
Mode:        sequence,properties
Species:     Adansonia_grandidieri
========================================
Found 1 species

[Adansonia_grandidieri]

========================================
Done in 6s
Species: /home/nizhu/Projects/plantsdb/result/result_imp/species
Homolog: /home/nizhu/Projects/plantsdb/result/result_imp/homolog
========================================
[23:49:05] processing Adansonia_gregorii
========================================
Input:       /DATA/data2/downloads/IMP
Species out: /home/nizhu/Projects/plantsdb/result/result_imp/species
Homolog out: /home/nizhu/Projects/plantsdb/result/result_imp/homolog
Mode:        sequence,properties
Species:     Adansonia_gregorii
========================================
Found 1 species

[Adansonia_gregorii]

========================================
Done in 7s
Species: /home/nizhu/Projects/plantsdb/result/result_imp/species
Homolog: /home/nizhu/Projects/plantsdb/result/result_imp/homolog
========================================
[23:49:12] processing Adansonia_madagascariensis
========================================
Input:       /DATA/data2/downloads/IMP
Species out: /home/nizhu/Projects/plantsdb/result/result_imp/species
Homolog out: /home/nizhu/Projects/plantsdb/result/result_imp/homolog
Mode:        sequence,properties
Species:     Adansonia_madagascariensis
========================================
Found 1 species

[Adansonia_madagascariensis]

========================================
Done in 6s
Species: /home/nizhu/Projects/plantsdb/result/result_imp/species
Homolog: /home/nizhu/Projects/plantsdb/result/result_imp/homolog
========================================
[23:49:18] processing Adansonia_perrieri
========================================
Input:       /DATA/data2/downloads/IMP
Species out: /home/nizhu/Projects/plantsdb/result/result_imp/species
Homolog out: /home/nizhu/Projects/plantsdb/result/result_imp/homolog
Mode:        sequence,properties
Species:     Adansonia_perrieri
========================================
Found 1 species

[Adansonia_perrieri]

========================================
Done in 6s
Species: /home/nizhu/Projects/plantsdb/result/result_imp/species
Homolog: /home/nizhu/Projects/plantsdb/result/result_imp/homolog
========================================
[23:49:25] processing Adansonia_rubrostipa
========================================
Input:       /DATA/data2/downloads/IMP
Species out: /home/nizhu/Projects/plantsdb/result/result_imp/species
Homolog out: /home/nizhu/Projects/plantsdb/result/result_imp/homolog
Mode:        sequence,properties
Species:     Adansonia_rubrostipa
========================================
Found 1 species

[Adansonia_rubrostipa]

========================================
Done in 7s
Species: /home/nizhu/Projects/plantsdb/result/result_imp/species
Homolog: /home/nizhu/Projects/plantsdb/result/result_imp/homolog
========================================
[23:49:32] processing Adansonia_suarezensis
========================================
Input:       /DATA/data2/downloads/IMP
Species out: /home/nizhu/Projects/plantsdb/result/result_imp/species
Homolog out: /home/nizhu/Projects/plantsdb/result/result_imp/homolog
Mode:        sequence,properties
Species:     Adansonia_suarezensis
========================================
Found 1 species

[Adansonia_suarezensis]

========================================
Done in 6s
Species: /home/nizhu/Projects/plantsdb/result/result_imp/species
Homolog: /home/nizhu/Projects/plantsdb/result/result_imp/homolog
========================================
[23:49:38] processing Adansonia_za
========================================
Input:       /DATA/data2/downloads/IMP
Species out: /home/nizhu/Projects/plantsdb/result/result_imp/species
Homolog out: /home/nizhu/Projects/plantsdb/result/result_imp/homolog
Mode:        sequence,properties
Species:     Adansonia_za
========================================
Found 1 species

[Adansonia_za]

========================================
Done in 7s
Species: /home/nizhu/Projects/plantsdb/result/result_imp/species
Homolog: /home/nizhu/Projects/plantsdb/result/result_imp/homolog
========================================
[23:49:45] processing Ajuga_chamaepitys
========================================
Input:       /DATA/data2/downloads/IMP
Species out: /home/nizhu/Projects/plantsdb/result/result_imp/species
Homolog out: /home/nizhu/Projects/plantsdb/result/result_imp/homolog
Mode:        sequence,properties
Species:     Ajuga_chamaepitys
========================================
Found 1 species

[Ajuga_chamaepitys]

========================================
Done in 18s
Species: /home/nizhu/Projects/plantsdb/result/result_imp/species
Homolog: /home/nizhu/Projects/plantsdb/result/result_imp/homolog
========================================
[23:50:03] processing Ajuga_reptans
========================================
Input:       /DATA/data2/downloads/IMP
Species out: /home/nizhu/Projects/plantsdb/result/result_imp/species
Homolog out: /home/nizhu/Projects/plantsdb/result/result_imp/homolog
Mode:        sequence,properties
Species:     Ajuga_reptans
========================================
Found 1 species

[Ajuga_reptans]

========================================
Done in 10s
Species: /home/nizhu/Projects/plantsdb/result/result_imp/species
Homolog: /home/nizhu/Projects/plantsdb/result/result_imp/homolog
========================================
[23:50:13] processing Albizia_julibrissin
========================================
Input:       /DATA/data2/downloads/IMP
Species out: /home/nizhu/Projects/plantsdb/result/result_imp/species
Homolog out: /home/nizhu/Projects/plantsdb/result/result_imp/homolog
Mode:        sequence,properties
Species:     Albizia_julibrissin
========================================
Found 1 species

[Albizia_julibrissin]

========================================
Done in 7s
Species: /home/nizhu/Projects/plantsdb/result/result_imp/species
Homolog: /home/nizhu/Projects/plantsdb/result/result_imp/homolog
========================================
[23:50:20] processing Albizia_julibrissin_2
========================================
Input:       /DATA/data2/downloads/IMP
Species out: /home/nizhu/Projects/plantsdb/result/result_imp/species
Homolog out: /home/nizhu/Projects/plantsdb/result/result_imp/homolog
Mode:        sequence,properties
Species:     Albizia_julibrissin_2
========================================
Found 1 species

[Albizia_julibrissin_2]

========================================
Done in 10s
Species: /home/nizhu/Projects/plantsdb/result/result_imp/species
Homolog: /home/nizhu/Projects/plantsdb/result/result_imp/homolog
========================================
[23:50:30] processing Amaranthus_hypochondriacus
========================================
Input:       /DATA/data2/downloads/IMP
Species out: /home/nizhu/Projects/plantsdb/result/result_imp/species
Homolog out: /home/nizhu/Projects/plantsdb/result/result_imp/homolog
Mode:        sequence,properties
Species:     Amaranthus_hypochondriacus
========================================
Found 1 species

[Amaranthus_hypochondriacus]

========================================
Done in 5s
Species: /home/nizhu/Projects/plantsdb/result/result_imp/species
Homolog: /home/nizhu/Projects/plantsdb/result/result_imp/homolog
========================================
[23:50:35] processing Amaranthus_tricolor
========================================
Input:       /DATA/data2/downloads/IMP
Species out: /home/nizhu/Projects/plantsdb/result/result_imp/species
Homolog out: /home/nizhu/Projects/plantsdb/result/result_imp/homolog
Mode:        sequence,properties
Species:     Amaranthus_tricolor
========================================
Found 1 species

[Amaranthus_tricolor]

========================================
Done in 7s
Species: /home/nizhu/Projects/plantsdb/result/result_imp/species
Homolog: /home/nizhu/Projects/plantsdb/result/result_imp/homolog
========================================
[23:50:42] processing Amborella_trichopoda
========================================
Input:       /DATA/data2/downloads/IMP
Species out: /home/nizhu/Projects/plantsdb/result/result_imp/species
Homolog out: /home/nizhu/Projects/plantsdb/result/result_imp/homolog
Mode:        sequence,properties
Species:     Amborella_trichopoda
========================================
Found 1 species

[Amborella_trichopoda]

========================================
Done in 4s
Species: /home/nizhu/Projects/plantsdb/result/result_imp/species
Homolog: /home/nizhu/Projects/plantsdb/result/result_imp/homolog
========================================
[23:50:46] processing Amborella_trichopoda_var._SantaCruz_75_HAP1
========================================
Input:       /DATA/data2/downloads/IMP
Species out: /home/nizhu/Projects/plantsdb/result/result_imp/species
Homolog out: /home/nizhu/Projects/plantsdb/result/result_imp/homolog
Mode:        sequence,properties
Species:     Amborella_trichopoda_var._SantaCruz_75_HAP1
========================================
Found 1 species

[Amborella_trichopoda_var._SantaCruz_75_HAP1]

========================================
Done in 9s
Species: /home/nizhu/Projects/plantsdb/result/result_imp/species
Homolog: /home/nizhu/Projects/plantsdb/result/result_imp/homolog
========================================
[23:50:55] processing Amborella_trichopoda_var._SantaCruz_75_HAP2
========================================
Input:       /DATA/data2/downloads/IMP
Species out: /home/nizhu/Projects/plantsdb/result/result_imp/species
Homolog out: /home/nizhu/Projects/plantsdb/result/result_imp/homolog
Mode:        sequence,properties
Species:     Amborella_trichopoda_var._SantaCruz_75_HAP2
========================================
Found 1 species

[Amborella_trichopoda_var._SantaCruz_75_HAP2]

========================================
Done in 9s
Species: /home/nizhu/Projects/plantsdb/result/result_imp/species
Homolog: /home/nizhu/Projects/plantsdb/result/result_imp/homolog
========================================
[23:51:04] processing Andropogon_gerardi_hap1
========================================
Input:       /DATA/data2/downloads/IMP
Species out: /home/nizhu/Projects/plantsdb/result/result_imp/species
Homolog out: /home/nizhu/Projects/plantsdb/result/result_imp/homolog
Mode:        sequence,properties
Species:     Andropogon_gerardi_hap1
========================================
Found 1 species

[Andropogon_gerardi_hap1]

========================================
Done in 24s
Species: /home/nizhu/Projects/plantsdb/result/result_imp/species
Homolog: /home/nizhu/Projects/plantsdb/result/result_imp/homolog
========================================
[23:51:28] processing Andropogon_gerardi_hap2
========================================
Input:       /DATA/data2/downloads/IMP
Species out: /home/nizhu/Projects/plantsdb/result/result_imp/species
Homolog out: /home/nizhu/Projects/plantsdb/result/result_imp/homolog
Mode:        sequence,properties
Species:     Andropogon_gerardi_hap2
========================================
Found 1 species

[Andropogon_gerardi_hap2]

========================================
Done in 23s
Species: /home/nizhu/Projects/plantsdb/result/result_imp/species
Homolog: /home/nizhu/Projects/plantsdb/result/result_imp/homolog
========================================
[23:51:52] processing Annona_cherimola_Booth
========================================
Input:       /DATA/data2/downloads/IMP
Species out: /home/nizhu/Projects/plantsdb/result/result_imp/species
Homolog out: /home/nizhu/Projects/plantsdb/result/result_imp/homolog
Mode:        sequence,properties
Species:     Annona_cherimola_Booth
========================================
Found 1 species

[Annona_cherimola_Booth]

========================================
Done in 9s
Species: /home/nizhu/Projects/plantsdb/result/result_imp/species
Homolog: /home/nizhu/Projects/plantsdb/result/result_imp/homolog
========================================
[23:52:01] processing Annona_cherimola_Fino_de_Jete
========================================
Input:       /DATA/data2/downloads/IMP
Species out: /home/nizhu/Projects/plantsdb/result/result_imp/species
Homolog out: /home/nizhu/Projects/plantsdb/result/result_imp/homolog
Mode:        sequence,properties
Species:     Annona_cherimola_Fino_de_Jete
========================================
Found 1 species

[Annona_cherimola_Fino_de_Jete]

========================================
Done in 14s
Species: /home/nizhu/Projects/plantsdb/result/result_imp/species
Homolog: /home/nizhu/Projects/plantsdb/result/result_imp/homolog
========================================
[23:52:16] processing Aquilegia_coerulea
========================================
Input:       /DATA/data2/downloads/IMP
Species out: /home/nizhu/Projects/plantsdb/result/result_imp/species
Homolog out: /home/nizhu/Projects/plantsdb/result/result_imp/homolog
Mode:        sequence,properties
Species:     Aquilegia_coerulea
========================================
Found 1 species

[Aquilegia_coerulea]

========================================
Done in 7s
Species: /home/nizhu/Projects/plantsdb/result/result_imp/species
Homolog: /home/nizhu/Projects/plantsdb/result/result_imp/homolog
========================================
[23:52:23] processing Aquilegia_kansuensis
========================================
Input:       /DATA/data2/downloads/IMP
Species out: /home/nizhu/Projects/plantsdb/result/result_imp/species
Homolog out: /home/nizhu/Projects/plantsdb/result/result_imp/homolog
Mode:        sequence,properties
Species:     Aquilegia_kansuensis
========================================
Found 1 species

[Aquilegia_kansuensis]

========================================
Done in 8s
Species: /home/nizhu/Projects/plantsdb/result/result_imp/species
Homolog: /home/nizhu/Projects/plantsdb/result/result_imp/homolog
========================================
[23:52:31] processing Arabidopsis_arenosa
========================================
Input:       /DATA/data2/downloads/IMP
Species out: /home/nizhu/Projects/plantsdb/result/result_imp/species
Homolog out: /home/nizhu/Projects/plantsdb/result/result_imp/homolog
Mode:        sequence,properties
Species:     Arabidopsis_arenosa
========================================
Found 1 species

[Arabidopsis_arenosa]

========================================
Done in 5s
Species: /home/nizhu/Projects/plantsdb/result/result_imp/species
Homolog: /home/nizhu/Projects/plantsdb/result/result_imp/homolog
========================================
[23:52:36] processing Arabidopsis_halleri
========================================
Input:       /DATA/data2/downloads/IMP
Species out: /home/nizhu/Projects/plantsdb/result/result_imp/species
Homolog out: /home/nizhu/Projects/plantsdb/result/result_imp/homolog
Mode:        sequence,properties
Species:     Arabidopsis_halleri
========================================
Found 1 species

[Arabidopsis_halleri]

========================================
Done in 6s
Species: /home/nizhu/Projects/plantsdb/result/result_imp/species
Homolog: /home/nizhu/Projects/plantsdb/result/result_imp/homolog
========================================
[23:52:42] processing Arabidopsis_halleri_cv._Tada_Mine
========================================
Input:       /DATA/data2/downloads/IMP
Species out: /home/nizhu/Projects/plantsdb/result/result_imp/species
Homolog out: /home/nizhu/Projects/plantsdb/result/result_imp/homolog
Mode:        sequence,properties
Species:     Arabidopsis_halleri_cv._Tada_Mine
========================================
Found 1 species

[Arabidopsis_halleri_cv._Tada_Mine]

========================================
Done in 4s
Species: /home/nizhu/Projects/plantsdb/result/result_imp/species
Homolog: /home/nizhu/Projects/plantsdb/result/result_imp/homolog
========================================
[23:52:46] processing Arabidopsis_lyrata
========================================
Input:       /DATA/data2/downloads/IMP
Species out: /home/nizhu/Projects/plantsdb/result/result_imp/species
Homolog out: /home/nizhu/Projects/plantsdb/result/result_imp/homolog
Mode:        sequence,properties
Species:     Arabidopsis_lyrata
========================================
Found 1 species

[Arabidopsis_lyrata]

========================================
Done in 6s
Species: /home/nizhu/Projects/plantsdb/result/result_imp/species
Homolog: /home/nizhu/Projects/plantsdb/result/result_imp/homolog
========================================
[23:52:52] processing Arabidopsis_lyrata_cv._MN47
========================================
Input:       /DATA/data2/downloads/IMP
Species out: /home/nizhu/Projects/plantsdb/result/result_imp/species
Homolog out: /home/nizhu/Projects/plantsdb/result/result_imp/homolog
Mode:        sequence,properties
Species:     Arabidopsis_lyrata_cv._MN47
========================================
Found 1 species

[Arabidopsis_lyrata_cv._MN47]

========================================
Done in 5s
Species: /home/nizhu/Projects/plantsdb/result/result_imp/species
Homolog: /home/nizhu/Projects/plantsdb/result/result_imp/homolog
========================================
[23:52:57] processing Arabidopsis_suecica
========================================
Input:       /DATA/data2/downloads/IMP
Species out: /home/nizhu/Projects/plantsdb/result/result_imp/species
Homolog out: /home/nizhu/Projects/plantsdb/result/result_imp/homolog
Mode:        sequence,properties
Species:     Arabidopsis_suecica
========================================
Found 1 species

[Arabidopsis_suecica]

========================================
Done in 12s
Species: /home/nizhu/Projects/plantsdb/result/result_imp/species
Homolog: /home/nizhu/Projects/plantsdb/result/result_imp/homolog
========================================
[23:53:09] processing Arabidopsis_thaliana
========================================
Input:       /DATA/data2/downloads/IMP
Species out: /home/nizhu/Projects/plantsdb/result/result_imp/species
Homolog out: /home/nizhu/Projects/plantsdb/result/result_imp/homolog
Mode:        sequence,properties
Species:     Arabidopsis_thaliana
========================================
Found 1 species

[Arabidopsis_thaliana]

========================================
Done in 8s
Species: /home/nizhu/Projects/plantsdb/result/result_imp/species
Homolog: /home/nizhu/Projects/plantsdb/result/result_imp/homolog
========================================
[23:53:17] processing Arabis_alpina
========================================
Input:       /DATA/data2/downloads/IMP
Species out: /home/nizhu/Projects/plantsdb/result/result_imp/species
Homolog out: /home/nizhu/Projects/plantsdb/result/result_imp/homolog
Mode:        sequence,properties
Species:     Arabis_alpina
========================================
Found 1 species

[Arabis_alpina]

========================================
Done in 4s
Species: /home/nizhu/Projects/plantsdb/result/result_imp/species
Homolog: /home/nizhu/Projects/plantsdb/result/result_imp/homolog
========================================
[23:53:21] processing Arabis_montbretiana
========================================
Input:       /DATA/data2/downloads/IMP
Species out: /home/nizhu/Projects/plantsdb/result/result_imp/species
Homolog out: /home/nizhu/Projects/plantsdb/result/result_imp/homolog
Mode:        sequence,properties
Species:     Arabis_montbretiana
========================================
Found 1 species

[Arabis_montbretiana]

========================================
Done in 8s
Species: /home/nizhu/Projects/plantsdb/result/result_imp/species
Homolog: /home/nizhu/Projects/plantsdb/result/result_imp/homolog
========================================
[23:53:29] processing Arachis_cardenasii
========================================
Input:       /DATA/data2/downloads/IMP
Species out: /home/nizhu/Projects/plantsdb/result/result_imp/species
Homolog out: /home/nizhu/Projects/plantsdb/result/result_imp/homolog
Mode:        sequence,properties
Species:     Arachis_cardenasii
========================================
Found 1 species

[Arachis_cardenasii]

========================================
Done in 24s
Species: /home/nizhu/Projects/plantsdb/result/result_imp/species
Homolog: /home/nizhu/Projects/plantsdb/result/result_imp/homolog
========================================
[23:53:53] processing Arachis_duranensis
========================================
Input:       /DATA/data2/downloads/IMP
Species out: /home/nizhu/Projects/plantsdb/result/result_imp/species
Homolog out: /home/nizhu/Projects/plantsdb/result/result_imp/homolog
Mode:        sequence,properties
Species:     Arachis_duranensis
========================================
Found 1 species

[Arachis_duranensis]

========================================
Done in 9s
Species: /home/nizhu/Projects/plantsdb/result/result_imp/species
Homolog: /home/nizhu/Projects/plantsdb/result/result_imp/homolog
========================================
[23:54:02] processing Arachis_hypogaea
========================================
Input:       /DATA/data2/downloads/IMP
Species out: /home/nizhu/Projects/plantsdb/result/result_imp/species
Homolog out: /home/nizhu/Projects/plantsdb/result/result_imp/homolog
Mode:        sequence,properties
Species:     Arachis_hypogaea
========================================
Found 1 species

[Arachis_hypogaea]

========================================
Done in 14s
Species: /home/nizhu/Projects/plantsdb/result/result_imp/species
Homolog: /home/nizhu/Projects/plantsdb/result/result_imp/homolog
========================================
[23:54:16] processing Arachis_ipaensis
========================================
Input:       /DATA/data2/downloads/IMP
Species out: /home/nizhu/Projects/plantsdb/result/result_imp/species
Homolog out: /home/nizhu/Projects/plantsdb/result/result_imp/homolog
Mode:        sequence,properties
Species:     Arachis_ipaensis
========================================
Found 1 species

[Arachis_ipaensis]

========================================
Done in 11s
Species: /home/nizhu/Projects/plantsdb/result/result_imp/species
Homolog: /home/nizhu/Projects/plantsdb/result/result_imp/homolog
========================================
[23:54:27] processing Arachis_monticola
========================================
Input:       /DATA/data2/downloads/IMP
Species out: /home/nizhu/Projects/plantsdb/result/result_imp/species
Homolog out: /home/nizhu/Projects/plantsdb/result/result_imp/homolog
Mode:        sequence,properties
Species:     Arachis_monticola
========================================
Found 1 species

[Arachis_monticola]

========================================
Done in 13s
Species: /home/nizhu/Projects/plantsdb/result/result_imp/species
Homolog: /home/nizhu/Projects/plantsdb/result/result_imp/homolog
========================================
[23:54:40] processing Arachis_stenosperma
========================================
Input:       /DATA/data2/downloads/IMP
Species out: /home/nizhu/Projects/plantsdb/result/result_imp/species
Homolog out: /home/nizhu/Projects/plantsdb/result/result_imp/homolog
Mode:        sequence,properties
Species:     Arachis_stenosperma
========================================
Found 1 species

[Arachis_stenosperma]

========================================
Done in 9s
Species: /home/nizhu/Projects/plantsdb/result/result_imp/species
Homolog: /home/nizhu/Projects/plantsdb/result/result_imp/homolog
========================================
[23:54:49] processing Aristolochia_contorta
========================================
Input:       /DATA/data2/downloads/IMP
Species out: /home/nizhu/Projects/plantsdb/result/result_imp/species
Homolog out: /home/nizhu/Projects/plantsdb/result/result_imp/homolog
Mode:        sequence,properties
Species:     Aristolochia_contorta
========================================
Found 1 species

[Aristolochia_contorta]

========================================
Done in 1s
Species: /home/nizhu/Projects/plantsdb/result/result_imp/species
Homolog: /home/nizhu/Projects/plantsdb/result/result_imp/homolog
========================================
[23:54:50] processing Aristolochia_fimbriata
========================================
Input:       /DATA/data2/downloads/IMP
Species out: /home/nizhu/Projects/plantsdb/result/result_imp/species
Homolog out: /home/nizhu/Projects/plantsdb/result/result_imp/homolog
Mode:        sequence,properties
Species:     Aristolochia_fimbriata
========================================
Found 1 species

[Aristolochia_fimbriata]

========================================
Done in 4s
Species: /home/nizhu/Projects/plantsdb/result/result_imp/species
Homolog: /home/nizhu/Projects/plantsdb/result/result_imp/homolog
========================================
[23:54:54] processing Artemisia_annua
========================================
Input:       /DATA/data2/downloads/IMP
Species out: /home/nizhu/Projects/plantsdb/result/result_imp/species
Homolog out: /home/nizhu/Projects/plantsdb/result/result_imp/homolog
Mode:        sequence,properties
Species:     Artemisia_annua
========================================
Found 1 species

[Artemisia_annua]

========================================
Done in 9s
Species: /home/nizhu/Projects/plantsdb/result/result_imp/species
Homolog: /home/nizhu/Projects/plantsdb/result/result_imp/homolog
========================================
[23:55:03] processing Artemisia_argyi
========================================
Input:       /DATA/data2/downloads/IMP
Species out: /home/nizhu/Projects/plantsdb/result/result_imp/species
Homolog out: /home/nizhu/Projects/plantsdb/result/result_imp/homolog
Mode:        sequence,properties
Species:     Artemisia_argyi
========================================
Found 1 species

[Artemisia_argyi]

========================================
Done in 6s
Species: /home/nizhu/Projects/plantsdb/result/result_imp/species
Homolog: /home/nizhu/Projects/plantsdb/result/result_imp/homolog
========================================
[23:55:09] processing Artemisia_tridentata_subsp._tridentata
========================================
Input:       /DATA/data2/downloads/IMP
Species out: /home/nizhu/Projects/plantsdb/result/result_imp/species
Homolog out: /home/nizhu/Projects/plantsdb/result/result_imp/homolog
Mode:        sequence,properties
Species:     Artemisia_tridentata_subsp._tridentata
========================================
Found 1 species

[Artemisia_tridentata_subsp._tridentata]

========================================
Done in 59s
Species: /home/nizhu/Projects/plantsdb/result/result_imp/species
Homolog: /home/nizhu/Projects/plantsdb/result/result_imp/homolog
========================================
[23:56:08] processing Avena_atlantica
========================================
Input:       /DATA/data2/downloads/IMP
Species out: /home/nizhu/Projects/plantsdb/result/result_imp/species
Homolog out: /home/nizhu/Projects/plantsdb/result/result_imp/homolog
Mode:        sequence,properties
Species:     Avena_atlantica
========================================
Found 1 species

[Avena_atlantica]

========================================
Done in 22s
Species: /home/nizhu/Projects/plantsdb/result/result_imp/species
Homolog: /home/nizhu/Projects/plantsdb/result/result_imp/homolog
========================================
[23:56:31] processing Avena_eriantha
========================================
Input:       /DATA/data2/downloads/IMP
Species out: /home/nizhu/Projects/plantsdb/result/result_imp/species
Homolog out: /home/nizhu/Projects/plantsdb/result/result_imp/homolog
Mode:        sequence,properties
Species:     Avena_eriantha
========================================
Found 1 species

[Avena_eriantha]

========================================
Done in 25s
Species: /home/nizhu/Projects/plantsdb/result/result_imp/species
Homolog: /home/nizhu/Projects/plantsdb/result/result_imp/homolog
========================================
[23:56:57] processing Avena_longiglumis
========================================
Input:       /DATA/data2/downloads/IMP
Species out: /home/nizhu/Projects/plantsdb/result/result_imp/species
Homolog out: /home/nizhu/Projects/plantsdb/result/result_imp/homolog
Mode:        sequence,properties
Species:     Avena_longiglumis
========================================
Found 1 species

[Avena_longiglumis]

========================================
Done in 25s
Species: /home/nizhu/Projects/plantsdb/result/result_imp/species
Homolog: /home/nizhu/Projects/plantsdb/result/result_imp/homolog
========================================
[23:57:22] processing Avena_sativa_ot3098
========================================
Input:       /DATA/data2/downloads/IMP
Species out: /home/nizhu/Projects/plantsdb/result/result_imp/species
Homolog out: /home/nizhu/Projects/plantsdb/result/result_imp/homolog
Mode:        sequence,properties
Species:     Avena_sativa_ot3098
========================================
Found 1 species

[Avena_sativa_ot3098]

========================================
Done in 44s
Species: /home/nizhu/Projects/plantsdb/result/result_imp/species
Homolog: /home/nizhu/Projects/plantsdb/result/result_imp/homolog
========================================
[23:58:06] processing Avena_sativa_sang
========================================
Input:       /DATA/data2/downloads/IMP
Species out: /home/nizhu/Projects/plantsdb/result/result_imp/species
Homolog out: /home/nizhu/Projects/plantsdb/result/result_imp/homolog
Mode:        sequence,properties
Species:     Avena_sativa_sang
========================================
Found 1 species

[Avena_sativa_sang]

========================================
Done in 16s
Species: /home/nizhu/Projects/plantsdb/result/result_imp/species
Homolog: /home/nizhu/Projects/plantsdb/result/result_imp/homolog
========================================
[23:58:22] all done
